Microchip MPLAB XC8 Compiler V2.41

Linker command line:

-W-3 \
  --edf=C:/Users/chbib/.mchp_packs/Microchip/PIC18Fxxxx_DFP/1.4.151/xc8\pic\dat\20230323171731_en.msgs \
  -cn -h+dist/default/production\DIO.production.sym \
  --cmf=dist/default/production\DIO.production.cmf -z -Q18F4620 \
  -oC:\Users\chbib\AppData\Local\Temp\xcBsod0.1\driver_tmp_3.o \
  --defsym=__MPLAB_BUILD=1 --fixupoverflow=error \
  -Mdist/default/production/DIO.production.map \
  --md=C:\Users\chbib\AppData\Local\Temp\xcBsod0.1\driver_tmp_0.dat -E1 \
  -ver=XC8 Compiler --acfsm=1493 -ACODE=00h-0FFFFh -ACONST=00h-0FFFFh \
  -ASMALLCONST=01000h-010FFhx240 -AMEDIUMCONST=01000h-0FFFFh \
  -ACOMRAM=01h-07Fh -AABS1=00h-0F7Fh -ABIGRAM=01h-0F7Fh \
  -ARAM=080h-0FFh,0100h-01FFhx14,0F00h-0F7Fh -ABANK0=080h-0FFh \
  -ABANK1=0100h-01FFh -ABANK2=0200h-02FFh -ABANK3=0300h-03FFh \
  -ABANK4=0400h-04FFh -ABANK5=0500h-05FFh -ABANK6=0600h-06FFh \
  -ABANK7=0700h-07FFh -ABANK8=0800h-08FFh -ABANK9=0900h-09FFh \
  -ABANK10=0A00h-0AFFh -ABANK11=0B00h-0BFFh -ABANK12=0C00h-0CFFh \
  -ABANK13=0D00h-0DFFh -ABANK14=0E00h-0EFFh -ABANK15=0F00h-0F7Fh \
  -ASFR=0F80h-0FFFh -ABIGSFR=0F80h-0FFFh -ACONFIG=0300000h-030000Dh \
  -AIDLOC=0200000h-0200007h -AEEDATA=0F00000h-0F003FFh -peeprom_data=EEDATA \
  -preset_vec=00h,intcode,intcodelo,powerup,init -pramtop=01000h \
  -psmallconst=SMALLCONST -pmediumconst=MEDIUMCONST -pconst=CONST \
  -AFARRAM=00h-00h \
  -prdata=COMRAM,nvrram=COMRAM,nvbit=COMRAM,rbss=COMRAM,rbit=COMRAM \
  -pfarbss=FARRAM,fardata=FARRAM,nvFARRAM=FARRAM \
  -pintsave_regs=BIGRAM,bigbss=BIGRAM,bigdata=BIGRAM -pbss=RAM \
  -pidata=CODE,irdata=CODE,ibigdata=CODE,ifardata=CODE -prparam=COMRAM \
  C:\Users\chbib\AppData\Local\Temp\xcBsod0.1\driver_tmp_9.o \
  dist/default/production\DIO.production.o 

Object code version is 3.11

Machine type is 18F4620



                Name                               Link     Load   Length Selector   Space Scale
C:\Users\chbib\AppData\Local\Temp\xcBsod0.1\driver_tmp_9.o
                idloc                            200000   200000        8        0       5
                config                           300000   300000        E        0       4
                init                                  0        0        4        0       0
dist/default/production\DIO.production.o
                idloc                            200000   200000        8        0       5
                config                           300000   300000        E        0       4
                smallconst                         1000     1000       3E      800       0
                text20                             1510     1510      144      81F       0
                text19                             1654     1654      12C      81F       0
                text18                             1CAA     1CAA       6C      81F       0
                text17                             1D16     1D16       68      81F       0
                text16                             1E90     1E90       36      81F       0
                text15                             1C38     1C38       72      81F       0
                text14                             1BC6     1BC6       72      81F       0
                text13                             1828     1828       A8      81F       0
                text12                             1976     1976       A6      81F       0
                text11                             103E     103E      1A6      81F       0
                text10                             1E5A     1E5A       36      81F       0
                text9                              1B3A     1B3A       8C      81F       0
                text8                              1AAE     1AAE       8C      81F       0
                text7                              1780     1780       A8      81F       0
                text6                              18D0     18D0       A6      81F       0
                text5                              137C     137C      194      81F       0
                text4                              1EE0     1EE0       1A      81F       0
                text3                              1EFA     1EFA        6      81F       0
                text2                              1DD0     1DD0       46      81F       0
                text1                              1A1C     1A1C       92      81F       0
                text0                              11E4     11E4      198      81F       0
                cstackCOMRAM                          1        1       5F        1       1
                dataBANK0                            80       80       44       80       1
                dataCOMRAM                           60       60       1A        1       1
                bssCOMRAM                            7A       7A        4        1       1
                cinit                              1D7E     1D7E       52      81F       0
                nvCOMRAM                             7E       7E        1        1       1
                idataBANK0                         1E16     1E16       44      81F       0
                idataCOMRAM                        1EC6     1EC6       1A      81F       0

TOTAL           Name                               Link     Load   Length     Space
        CLASS   CODE           
                init                                  0        0        4         0
                text20                             1510     1510      144         0
                text19                             1654     1654      12C         0
                text18                             1CAA     1CAA       6C         0
                text17                             1D16     1D16       68         0
                text16                             1E90     1E90       36         0
                text15                             1C38     1C38       72         0
                text14                             1BC6     1BC6       72         0
                text13                             1828     1828       A8         0
                text12                             1976     1976       A6         0
                text11                             103E     103E      1A6         0
                text10                             1E5A     1E5A       36         0
                text9                              1B3A     1B3A       8C         0
                text8                              1AAE     1AAE       8C         0
                text7                              1780     1780       A8         0
                text6                              18D0     18D0       A6         0
                text5                              137C     137C      194         0
                text4                              1EE0     1EE0       1A         0
                text3                              1EFA     1EFA        6         0
                text2                              1DD0     1DD0       46         0
                text1                              1A1C     1A1C       92         0
                text0                              11E4     11E4      198         0
                cinit                              1D7E     1D7E       52         0
                idataBANK0                         1E16     1E16       44         0
                idataCOMRAM                        1EC6     1EC6       1A         0

        CLASS   CONST          

        CLASS   SMALLCONST     
                smallconst                         1000     1000       3E         0

        CLASS   MEDIUMCONST    

        CLASS   COMRAM         
                cstackCOMRAM                          1        1       5F         1
                dataCOMRAM                           60       60       1A         1
                bssCOMRAM                            7A       7A        4         1
                nvCOMRAM                             7E       7E        1         1

        CLASS   ABS1           

        CLASS   BIGRAM         

        CLASS   RAM            

        CLASS   BANK0          
                dataBANK0                            80       80       44         1

        CLASS   BANK1          

        CLASS   BANK2          

        CLASS   BANK3          

        CLASS   BANK4          

        CLASS   BANK5          

        CLASS   BANK6          

        CLASS   BANK7          

        CLASS   BANK8          

        CLASS   BANK9          

        CLASS   BANK10         

        CLASS   BANK11         

        CLASS   BANK12         

        CLASS   BANK13         

        CLASS   BANK14         

        CLASS   BANK15         

        CLASS   SFR            

        CLASS   BIGSFR         

        CLASS   CONFIG         
                config                           300000   300000        E         4

        CLASS   IDLOC          
                idloc                            200000   200000        8         5

        CLASS   EEDATA         

        CLASS   FARRAM         

        CLASS   HEAP           

        CLASS   STACK          



SEGMENTS        Name                           Load    Length   Top    Selector   Space  Class

                reset_vec                      000000  000004  000004         0       0  CODE    
                cstackCOMRAM                   000001  00007E  00007F         1       1  COMRAM  
                dataBANK0                      000080  000044  0000C4        80       1  BANK0   
                smallconst                     001000  00003E  00103E       800       0  SMALLCON
                text11                         00103E  000EC2  001F00       81F       0  CODE    


UNUSED ADDRESS RANGES

        Name                Unused          Largest block    Delta
        BANK0            0000C4-0000FF               3C
        BANK1            000100-0001FF              100
        BANK10           000A00-000AFF              100
        BANK11           000B00-000BFF              100
        BANK12           000C00-000CFF              100
        BANK13           000D00-000DFF              100
        BANK14           000E00-000EFF              100
        BANK15           000F00-000F7F               80
        BANK2            000200-0002FF              100
        BANK3            000300-0003FF              100
        BANK4            000400-0004FF              100
        BANK5            000500-0005FF              100
        BANK6            000600-0006FF              100
        BANK7            000700-0007FF              100
        BANK8            000800-0008FF              100
        BANK9            000900-0009FF              100
        BIGRAM           00007F-00007F                1
                         0000C4-000F7F              EBC
        BIGSFR           000F80-000FFF               80
        CODE             000004-000FFF              FFC
                         001F00-00FFFF             E100
        COMRAM           00007F-00007F                1
        CONST            000004-000FFF              FFC
                         001F00-00FFFF             E100
        EEDATA           F00000-F003FF              400
        MEDIUMCONST      001F00-00FFFF             E100
        RAM              0000C4-000F7F              100
        SFR              000F80-000FFF               80
        SMALLCONST       001F00-00FFFF              100

                                  Symbol Table

_LATA                                     (abs)        000F89
_LATB                                     (abs)        000F8A
_LATC                                     (abs)        000F8B
_LATD                                     (abs)        000F8C
_LATE                                     (abs)        000F8D
_PORTA                                    (abs)        000F80
_PORTB                                    (abs)        000F81
_PORTC                                    (abs)        000F82
_PORTD                                    (abs)        000F83
_PORTE                                    (abs)        000F84
_TRISA                                    (abs)        000F92
_TRISB                                    (abs)        000F93
_TRISC                                    (abs)        000F94
_TRISD                                    (abs)        000F95
_TRISE                                    (abs)        000F96
__HRAM                                    (abs)        000000
__H__absolute__                           __absolute__ 000000
__Habs1                                   abs1         000000
__Hbank0                                  bank0        000000
__Hbank1                                  bank1        000000
__Hbank10                                 bank10       000000
__Hbank11                                 bank11       000000
__Hbank12                                 bank12       000000
__Hbank13                                 bank13       000000
__Hbank14                                 bank14       000000
__Hbank15                                 bank15       000000
__Hbank2                                  bank2        000000
__Hbank3                                  bank3        000000
__Hbank4                                  bank4        000000
__Hbank5                                  bank5        000000
__Hbank6                                  bank6        000000
__Hbank7                                  bank7        000000
__Hbank8                                  bank8        000000
__Hbank9                                  bank9        000000
__Hbigbss                                 bigbss       000000
__Hbigdata                                bigdata      000000
__Hbigram                                 bigram       000000
__Hbigsfr                                 bigsfr       000000
__Hbss                                    bss          000000
__HbssCOMRAM                              bssCOMRAM    000000
__Hcinit                                  cinit        000000
__Hclrtext                                clrtext      000000
__Hcomram                                 comram       000000
__Hconfig                                 config       30000E
__Hconst                                  const        000000
__HcstackCOMRAM                           cstackCOMRAM 000000
__Hdata                                   data         000000
__HdataBANK0                              dataBANK0    000000
__HdataCOMRAM                             dataCOMRAM   000000
__Heeprom_data                            eeprom_data  000000
__Hfarbss                                 farbss       000000
__Hfardata                                fardata      000000
__Hheap                                   heap         000000
__Hibigdata                               ibigdata     000000
__Hidata                                  idata        000000
__HidataBANK0                             idataBANK0   000000
__HidataCOMRAM                            idataCOMRAM  000000
__Hidloc                                  idloc        200008
__Hifardata                               ifardata     000000
__Hinit                                   init         000004
__Hintcode                                intcode      000000
__Hintcode_body                           intcode_body 000000
__Hintcodelo                              intcodelo    000000
__Hintentry                               intentry     000000
__Hintret                                 intret       000000
__Hintsave_regs                           intsave_regs 000000
__Hirdata                                 irdata       000000
__Hmediumconst                            mediumconst  000000
__HnvCOMRAM                               nvCOMRAM     000000
__HnvFARRAM                               nvFARRAM     000000
__Hnvbit                                  nvbit        000000
__Hnvrram                                 nvrram       000000
__Hparam                                  rparam       000000
__Hpowerup                                powerup      000000
__Hram                                    ram          000000
__Hramtop                                 ramtop       001000
__Hrbit                                   rbit         000000
__Hrbss                                   rbss         000000
__Hrdata                                  rdata        000000
__Hreset_vec                              reset_vec    000000
__Hrparam                                 rparam       000000
__Hsfr                                    sfr          000000
__Hsmallconst                             smallconst   00103E
__Hspace_0                                (abs)        001F00
__Hspace_1                                (abs)        0000C4
__Hspace_2                                (abs)        000000
__Hspace_4                                (abs)        60000E
__Hstack                                  stack        000000
__Hstruct                                 struct       000000
__Htemp                                   temp         000000
__Htext                                   text         000000
__Htext0                                  text0        000000
__Htext1                                  text1        000000
__Htext10                                 text10       000000
__Htext11                                 text11       000000
__Htext12                                 text12       000000
__Htext13                                 text13       000000
__Htext14                                 text14       000000
__Htext15                                 text15       000000
__Htext16                                 text16       000000
__Htext17                                 text17       000000
__Htext18                                 text18       000000
__Htext19                                 text19       000000
__Htext2                                  text2        000000
__Htext20                                 text20       000000
__Htext3                                  text3        000000
__Htext4                                  text4        000000
__Htext5                                  text5        000000
__Htext6                                  text6        000000
__Htext7                                  text7        000000
__Htext8                                  text8        000000
__Htext9                                  text9        000000
__LRAM                                    (abs)        000001
__L__absolute__                           __absolute__ 000000
__Labs1                                   abs1         000000
__Lbank0                                  bank0        000000
__Lbank1                                  bank1        000000
__Lbank10                                 bank10       000000
__Lbank11                                 bank11       000000
__Lbank12                                 bank12       000000
__Lbank13                                 bank13       000000
__Lbank14                                 bank14       000000
__Lbank15                                 bank15       000000
__Lbank2                                  bank2        000000
__Lbank3                                  bank3        000000
__Lbank4                                  bank4        000000
__Lbank5                                  bank5        000000
__Lbank6                                  bank6        000000
__Lbank7                                  bank7        000000
__Lbank8                                  bank8        000000
__Lbank9                                  bank9        000000
__Lbigbss                                 bigbss       000000
__Lbigdata                                bigdata      000000
__Lbigram                                 bigram       000000
__Lbigsfr                                 bigsfr       000000
__Lbss                                    bss          000000
__LbssCOMRAM                              bssCOMRAM    000000
__Lcinit                                  cinit        000000
__Lclrtext                                clrtext      000000
__Lcomram                                 comram       000000
__Lconfig                                 config       000000
__Lconst                                  const        000000
__LcstackCOMRAM                           cstackCOMRAM 000000
__Ldata                                   data         000000
__LdataBANK0                              dataBANK0    000000
__LdataCOMRAM                             dataCOMRAM   000000
__Leeprom_data                            eeprom_data  000000
__Lfarbss                                 farbss       000000
__Lfardata                                fardata      000000
__Lheap                                   heap         000000
__Libigdata                               ibigdata     000000
__Lidata                                  idata        000000
__LidataBANK0                             idataBANK0   000000
__LidataCOMRAM                            idataCOMRAM  000000
__Lidloc                                  idloc        000000
__Lifardata                               ifardata     000000
__Linit                                   init         000000
__Lintcode                                intcode      000000
__Lintcode_body                           intcode_body 000000
__Lintcodelo                              intcodelo    000000
__Lintentry                               intentry     000000
__Lintret                                 intret       000000
__Lintsave_regs                           intsave_regs 000000
__Lirdata                                 irdata       000000
__Lmediumconst                            mediumconst  000000
__LnvCOMRAM                               nvCOMRAM     000000
__LnvFARRAM                               nvFARRAM     000000
__Lnvbit                                  nvbit        000000
__Lnvrram                                 nvrram       000000
__Lparam                                  rparam       000000
__Lpowerup                                powerup      000000
__Lram                                    ram          000000
__Lramtop                                 ramtop       001000
__Lrbit                                   rbit         000000
__Lrbss                                   rbss         000000
__Lrdata                                  rdata        000000
__Lreset_vec                              reset_vec    000000
__Lrparam                                 rparam       000000
__Lsfr                                    sfr          000000
__Lsmallconst                             smallconst   001000
__Lspace_0                                (abs)        000000
__Lspace_1                                (abs)        000000
__Lspace_2                                (abs)        000000
__Lspace_4                                (abs)        000000
__Lstack                                  stack        000000
__Lstruct                                 struct       000000
__Ltemp                                   temp         000000
__Ltext                                   text         000000
__Ltext0                                  text0        000000
__Ltext1                                  text1        000000
__Ltext10                                 text10       000000
__Ltext11                                 text11       000000
__Ltext12                                 text12       000000
__Ltext13                                 text13       000000
__Ltext14                                 text14       000000
__Ltext15                                 text15       000000
__Ltext16                                 text16       000000
__Ltext17                                 text17       000000
__Ltext18                                 text18       000000
__Ltext19                                 text19       000000
__Ltext2                                  text2        000000
__Ltext20                                 text20       000000
__Ltext3                                  text3        000000
__Ltext4                                  text4        000000
__Ltext5                                  text5        000000
__Ltext6                                  text6        000000
__Ltext7                                  text7        000000
__Ltext8                                  text8        000000
__Ltext9                                  text9        000000
__S0                                      (abs)        001F00
__S1                                      (abs)        0000C4
__S4                                      (abs)        000000
__S5                                      (abs)        000000
___heap_hi                                (abs)        000000
___heap_lo                                (abs)        000000
___inthi_sp                               stack        000000
___intlo_sp                               stack        000000
___param_bank                             (abs)        000000
___rparam_used                            (abs)        000001
___sp                                     stack        000000
__accesstop                               (abs)        000080
__activetblptr                            (abs)        000002
__end_of__initialization                  cinit        001DC6
__end_of_application_initialize           text3        001F00
__end_of_btn_value                        smallconst   001011
__end_of_ecu_layer_intialize              text4        001EFA
__end_of_gpio_pin_direction_initialize    text20       001654
__end_of_gpio_pin_initialize              text18       001D16
__end_of_gpio_pin_write_logic             text19       001780
__end_of_lcd_4bit_initialize              text11       0011E4
__end_of_lcd_4bit_send_char_data          text15       001CAA
__end_of_lcd_4bit_send_command            text14       001C38
__end_of_lcd_4bit_send_string_pos         text12       001A1C
__end_of_lcd_4bit_set_cursor              text13       0018D0
__end_of_lcd_8bit_initialize              text5        001510
__end_of_lcd_8bit_send_char_data          text9        001BC6
__end_of_lcd_8bit_send_char_data_pos      text2        001E16
__end_of_lcd_8bit_send_command            text8        001B3A
__end_of_lcd_8bit_send_custom_char        text1        001AAE
__end_of_lcd_8bit_send_string_pos         text6        001976
__end_of_lcd_8bit_set_cursor              text7        001828
__end_of_lcd_send_4bit                    text17       001D7E
__end_of_lcd_send_4bit_en                 text16       001EC6
__end_of_lcd_send_8bit_en                 text10       001E90
__end_of_main                             text0        00137C
__initialization                          cinit        001D7E
__mediumconst                             mediumconst  000000
__pbssCOMRAM                              bssCOMRAM    00007A
__pcinit                                  cinit        001D7E
__pcstackCOMRAM                           cstackCOMRAM 000001
__pdataBANK0                              dataBANK0    000080
__pdataCOMRAM                             dataCOMRAM   000060
__pidataBANK0                             idataBANK0   001E16
__pidataCOMRAM                            idataCOMRAM  001EC6
__pnvCOMRAM                               nvCOMRAM     00007E
__psmallconst                             smallconst   001000
__ptext0                                  text0        0011E4
__ptext1                                  text1        001A1C
__ptext10                                 text10       001E5A
__ptext11                                 text11       00103E
__ptext12                                 text12       001976
__ptext13                                 text13       001828
__ptext14                                 text14       001BC6
__ptext15                                 text15       001C38
__ptext16                                 text16       001E90
__ptext17                                 text17       001D16
__ptext18                                 text18       001CAA
__ptext19                                 text19       001654
__ptext2                                  text2        001DD0
__ptext20                                 text20       001510
__ptext3                                  text3        001EFA
__ptext4                                  text4        001EE0
__ptext5                                  text5        00137C
__ptext6                                  text6        0018D0
__ptext7                                  text7        001780
__ptext8                                  text8        001AAE
__ptext9                                  text9        001B3A
__ramtop                                  ramtop       001000
__smallconst                              smallconst   001000
_application_initialize                   text3        001EFA
_btn_value                                smallconst   001001
_ecu_layer_intialize                      text4        001EE0
_gpio_pin_direction_initialize            text20       001510
_gpio_pin_initialize                      text18       001CAA
_gpio_pin_write_logic                     text19       001654
_lat_register                             dataCOMRAM   000060
_lcd4bit                                  dataCOMRAM   000074
_lcd8bit                                  dataCOMRAM   00006A
_lcd_4bit_initialize                      text11       00103E
_lcd_4bit_send_char_data                  text15       001C38
_lcd_4bit_send_command                    text14       001BC6
_lcd_4bit_send_string_pos                 text12       001976
_lcd_4bit_set_cursor                      text13       001828
_lcd_8bit_initialize                      text5        00137C
_lcd_8bit_send_char_data                  text9        001B3A
_lcd_8bit_send_char_data_pos              text2        001DD0
_lcd_8bit_send_command                    text8        001AAE
_lcd_8bit_send_custom_char                text1        001A1C
_lcd_8bit_send_string_pos                 text6        0018D0
_lcd_8bit_set_cursor                      text7        001780
_lcd_send_4bit                            text17       001D16
_lcd_send_4bit_en                         text16       001E90
_lcd_send_8bit_en                         text10       001E5A
_main                                     text0        0011E4
_port_register                            dataBANK0    000080
_ret                                      nvCOMRAM     00007E
_tris_register                            dataBANK0    00008A
end_of_initialization                     cinit        001DC6
gpio_pin_direction_initialize@_pin_config cstackCOMRAM 000001
gpio_pin_direction_initialize@ret         cstackCOMRAM 000009
gpio_pin_initialize@_pin_config           cstackCOMRAM 00000B
gpio_pin_initialize@ret                   cstackCOMRAM 00000E
gpio_pin_write_logic@_pin_config          cstackCOMRAM 000001
gpio_pin_write_logic@logic                cstackCOMRAM 000003
gpio_pin_write_logic@ret                  cstackCOMRAM 00000A
intlevel0                                 text         000000
intlevel1                                 text         000000
intlevel2                                 text         000000
intlevel3                                 text         000000
isa$std                                   (abs)        000001
isa$xinst                                 (abs)        000000
lcd_4bit_initialize@counter               cstackCOMRAM 000029
lcd_4bit_initialize@lcd                   cstackCOMRAM 000025
lcd_4bit_initialize@ret                   cstackCOMRAM 00002B
lcd_4bit_send_char_data@data              cstackCOMRAM 000011
lcd_4bit_send_char_data@lcd               cstackCOMRAM 00000F
lcd_4bit_send_char_data@ret               cstackCOMRAM 000012
lcd_4bit_send_command@command             cstackCOMRAM 000011
lcd_4bit_send_command@lcd                 cstackCOMRAM 00000F
lcd_4bit_send_command@ret                 cstackCOMRAM 000012
lcd_4bit_send_string_pos@column           cstackCOMRAM 00001D
lcd_4bit_send_string_pos@lcd              cstackCOMRAM 00001A
lcd_4bit_send_string_pos@ret              cstackCOMRAM 000022
lcd_4bit_send_string_pos@row              cstackCOMRAM 00001C
lcd_4bit_send_string_pos@str              cstackCOMRAM 00001E
lcd_4bit_send_string_pos@string_counter   cstackCOMRAM 000023
lcd_4bit_set_cursor@columns               cstackCOMRAM 000016
lcd_4bit_set_cursor@lcd                   cstackCOMRAM 000013
lcd_4bit_set_cursor@ret                   cstackCOMRAM 000019
lcd_4bit_set_cursor@row                   cstackCOMRAM 000015
lcd_8bit_initialize@counter               cstackCOMRAM 00002D
lcd_8bit_initialize@lcd                   cstackCOMRAM 000029
lcd_8bit_initialize@ret                   cstackCOMRAM 00002E
lcd_8bit_send_char_data@data              cstackCOMRAM 000010
lcd_8bit_send_char_data@lcd               cstackCOMRAM 00000E
lcd_8bit_send_char_data@pin_counter       cstackCOMRAM 000016
lcd_8bit_send_char_data@ret               cstackCOMRAM 000015
lcd_8bit_send_char_data_pos@column        cstackCOMRAM 000021
lcd_8bit_send_char_data_pos@data          cstackCOMRAM 000022
lcd_8bit_send_char_data_pos@lcd           cstackCOMRAM 00001E
lcd_8bit_send_char_data_pos@ret           cstackCOMRAM 000023
lcd_8bit_send_char_data_pos@row           cstackCOMRAM 000020
lcd_8bit_send_command@command             cstackCOMRAM 000010
lcd_8bit_send_command@lcd                 cstackCOMRAM 00000E
lcd_8bit_send_command@pin_counter         cstackCOMRAM 000016
lcd_8bit_send_command@ret                 cstackCOMRAM 000015
lcd_8bit_send_custom_char@chr             cstackCOMRAM 000028
lcd_8bit_send_custom_char@column          cstackCOMRAM 000027
lcd_8bit_send_custom_char@data_counter    cstackCOMRAM 00002C
lcd_8bit_send_custom_char@lcd             cstackCOMRAM 000024
lcd_8bit_send_custom_char@mem_pos         cstackCOMRAM 00002A
lcd_8bit_send_custom_char@ret             cstackCOMRAM 00002B
lcd_8bit_send_custom_char@row             cstackCOMRAM 000026
lcd_8bit_send_string_pos@column           cstackCOMRAM 000021
lcd_8bit_send_string_pos@lcd              cstackCOMRAM 00001E
lcd_8bit_send_string_pos@ret              cstackCOMRAM 000026
lcd_8bit_send_string_pos@row              cstackCOMRAM 000020
lcd_8bit_send_string_pos@str              cstackCOMRAM 000022
lcd_8bit_send_string_pos@string_counter   cstackCOMRAM 000027
lcd_8bit_set_cursor@column                cstackCOMRAM 00001A
lcd_8bit_set_cursor@lcd                   cstackCOMRAM 000017
lcd_8bit_set_cursor@ret                   cstackCOMRAM 00001D
lcd_8bit_set_cursor@row                   cstackCOMRAM 000019
lcd_send_4bit@data_command                cstackCOMRAM 00000D
lcd_send_4bit@lcd                         cstackCOMRAM 00000B
lcd_send_4bit@ret                         cstackCOMRAM 00000E
lcd_send_4bit_en@lcd                      cstackCOMRAM 00000B
lcd_send_4bit_en@ret                      cstackCOMRAM 00000D
lcd_send_8bit_en@lcd                      cstackCOMRAM 00000B
lcd_send_8bit_en@ret                      cstackCOMRAM 00000D
led_intialized@F3043                      bssCOMRAM    00007D
led_toggle@F3058                          bssCOMRAM    00007A
led_turn_off@F3053                        bssCOMRAM    00007B
led_turn_on@F3048                         bssCOMRAM    00007C
main@F3164                                dataBANK0    0000BC
main@F3166                                dataBANK0    0000B4
main@F3168                                dataBANK0    0000AC
main@F3170                                dataBANK0    0000A4
main@F3172                                dataBANK0    00009C
main@F3174                                dataBANK0    000094
main@customChar1                          cstackCOMRAM 000030
main@customChar2                          cstackCOMRAM 000038
main@customChar3                          cstackCOMRAM 000040
main@customChar4                          cstackCOMRAM 000048
main@customChar5                          cstackCOMRAM 000050
main@customChar6                          cstackCOMRAM 000058
stackhi                                   (abs)        000000
stacklo                                   (abs)        000000
start                                     init         000000
start_initialization                      cinit        001D7E


MODULE INFORMATION

Module		Function		Class		Link	Load	Size
MCAL_layer/GPIO/hal_gpio.c
		_gpio_pin_write_logic		CODE           	1654	0000	300
		_gpio_pin_direction_initialize		CODE           	1510	0000	324
		_gpio_pin_initialize		CODE           	1CAA	0000	108

MCAL_layer/GPIO/hal_gpio.c estimated size: 732

ECU_Layer/LCD/ecu_lcd.c
		_lcd_8bit_send_char_data_pos		CODE           	1DD0	0000	70
		_lcd_8bit_set_cursor		CODE           	1780	0000	168
		_lcd_send_4bit_en		CODE           	1E90	0000	54
		_lcd_send_8bit_en		CODE           	1E5A	0000	54
		_lcd_send_4bit 		CODE           	1D16	0000	104
		_lcd_4bit_send_command		CODE           	1BC6	0000	114
		_lcd_4bit_send_string_pos		CODE           	1976	0000	166
		_lcd_4bit_send_char_data		CODE           	1C38	0000	114
		_lcd_8bit_send_custom_char		CODE           	1A1C	0000	146
		_lcd_4bit_set_cursor		CODE           	1828	0000	168
		_lcd_8bit_initialize		CODE           	137C	0000	404
		_lcd_8bit_send_command		CODE           	1AAE	0000	140
		_lcd_8bit_send_string_pos		CODE           	18D0	0000	166
		_lcd_4bit_initialize		CODE           	103E	0000	422
		_lcd_8bit_send_char_data		CODE           	1B3A	0000	140

ECU_Layer/LCD/ecu_lcd.c estimated size: 2430

shared
		_btn_value     		SMALLCONST     	1001	0000	16
		__initialization		CODE           	1D7E	0000	72

shared estimated size: 88

ECU_Layer/ecu_layer_init.c
		_ecu_layer_intialize		CODE           	1EE0	0000	26

ECU_Layer/ecu_layer_init.c estimated size: 26

application.c
		_application_initialize		CODE           	1EFA	0000	6
		_main          		CODE           	11E4	0000	408

application.c estimated size: 414

